category: Environment
~~~~~~~~~~~~~~~~~~~~~~~~~~~~
symbolic inbound rules:
	0. action: jump_to_application paths: All Connections from (*) to (group  = Dumbledore)
	1. action: deny paths: All Connections from (*) to (group  = Hufflepuff)
	2. action: deny paths: All Connections from (*) to (group  = Slytherin)
symbolic outbound rules:
	0. action: jump_to_application paths: All Connections from (*) to (group  = Dumbledore)
	1. action: deny paths: All Connections from (*) to (group  = Hufflepuff)
	2. action: deny paths: All Connections from (*) to (group  = Slytherin)
category: Application
~~~~~~~~~~~~~~~~~~~~~~~~~~~~
symbolic inbound rules:
	0. action: allow paths: All Connections from (*) to (*)
	1. action: deny paths: All Connections from (*) to (*)
symbolic outbound rules:
	0. action: allow paths: All Connections from (*) to (*)
	1. action: deny paths: All Connections from (*) to (*)